2025-03-10 11:05:21 - ERROR: Disk full
